{
  "version": "1.0",
  "defaultProvider": "cdnjs",
  "libraries": [
    {
      "library": "bootstrap@5.1.3",
      "destination": "wwwroot/lib/bootstrap/",
      "files": [
        "js/bootstrap.min.js",
        "css/bootstrap.rtl.min.css"
      ]
    },
    {
      "provider": "cdnjs",
      "library": "jquery@3.6.0",
      "destination": "wwwroot/lib/jquery/",
      "files": [
        "jquery.min.js"
      ]
    }
  ,
{
  "provider": "cdnjs",
  "library": "bootstrap@5.1.3",
  "destination": "wwwroot/lib/bootstrap/",
  "files": [
    "css/bootstrap.min.css"
  ]
}
,
{
  "provider": "cdnjs",
  "library": "bootstrap@5.1.3",
  "destination": "wwwroot/lib/bootstrap/"
}

  ,
{
  "provider": "cdnjs",
  "library": "bootstrap@5.1.3",
  "destination": "wwwroot/lib/bootstrap/",
  "files": [
    "js/bootstrap.min.js",
    "css/bootstrap.min.css"
  ]
}
]
}